<html>
<body>
<pre>
<h1>礦ision Build Log</h1>
<h2>Project:</h2>
F:\LW_files\武大--激光足印探测器项目\WuDaProject\Project\MDK-ARM(uV4)\project.uvproj
Project File Date:  07/05/2018

<h2>Output:</h2>
Build target 'Flash'
compiling main.c...
compiling RTX_Conf_CM.c...
compiling bsp.c...
compiling reader.c...
compiling bsp_eeprom_24xx.c...
compiling bsp_i2c_gpio.c...
compiling bsp_spi_bus.c...
compiling bsp_spi_flash.c...
compiling protocal.c...
compiling bsp_timer.c...
compiling uart.c...
compiling bsp_cpu_flash.c...
compiling bsp_dwt.c...
compiling bsp_iwdg.c...
compiling param.c...
compiling CRC8_16.c...
compiling adc.c...
linking...
Program Size: Code=11876 RO-data=380 RW-data=136 ZI-data=3472  
FromELF: creating hex file...
After Build - User command #1: fromelf.exe --bin -o ./Flash/Obj/output.bin  ./Flash/Obj/output.axf
After Build - User command #2: CopyHex_Flash.bat
F:\LW_files\武大--激光足印探测器项目\WuDaProject\Project\MDK-ARM(uV4)>copy Flash\Obj\output.hex ..\output(mdk).hex 
已复制         1 个文件。
F:\LW_files\武大--激光足印探测器项目\WuDaProject\Project\MDK-ARM(uV4)>copy Flash\Obj\output.bin ..\output(mdk).bin 
已复制         1 个文件。
".\Flash\Obj\output.axf" - 0 Error(s), 0 Warning(s).
rdware: V8.00
S/N : 791950130 
Feature(s) : RDI,FlashDL,FlashBP,JFlash,GDBFull 
 
* JLink Info: Found SWD-DP with ID 0x1BA01477
* JLink Info: Found SWD-DP with ID 0x1BA01477
* JLink Info: Found Cortex-M3 r1p1, Little endian.
* JLink Info: FPUnit: 6 code (BP) slots and 2 literal slots
* JLink Info: TPIU fitted.
* JLink Info: ETM fitted.
ROMTableAddr = 0xE00FF003
 
Target info:
------------
Device: STM32F103RE
VTarget = 3.319V
State of Pins: 
TCK: 0, TDI: 0, TDO: 0, TMS: 1, TRES: 1, TRST: 0
Hardware-Breakpoints: 6
Software-Breakpoints: 8192
Watchpoints:          4
JTAG speed: 2000 kHz
 
Erase Done.
Programming Done.
Verify OK.
钅縗WuDaProject\Project\MDK-ARM(uV4)>copy Flash\Obj\output.bin ..\output(mdk).bin 
已复制         1 个文件。
".\Flash\Obj\output.axf" - 0 Error(s), 0 Warning(s).
Load "F:\\LW_files\\武大--激光足印探测器项目\\WuDaProject\\Project\\MDK-ARM(uV4)\\Flash\\Obj\\output.axf" 
Set JLink Project File to "F:\LW_files\武大--激光足印探测器项目\WuDaProject\Project\MDK-ARM(uV4)\JLinkSettings.ini"
* JLink Info: Device "STM32F103RE" selected (512 KB flash, 64 KB RAM).
 
JLink info:
------------
DLL: V4.80g, compiled Feb 13 2014 20:50:02
Firmware: J-Link ARM V8 compiled Nov 28 2014 13:44:46
Hardware: V8.00
S/N : 791950130 
Feature(s) : RDI,FlashDL,FlashBP,JFlash,GDBFull 
 
* JLink Info: Found SWD-DP with ID 0x1BA01477
* JLink Info: Found SWD-DP with ID 0x1BA01477
* JLink Info: Found Cortex-M3 r1p1, Little endian.
* JLink Info: FPUnit: 6 code (BP) slots and 2 literal slots
* JLink Info: TPIU fitted.
* JLink Info: ETM fitted.
ROMTableAddr = 0xE00FF003
 
Target info:
------------
Device: STM32F103RE
VTarget = 3.319V
State of Pins: 
TCK: 0, TDI: 0, TDO: 0, TMS: 1, TRES: 1, TRST: 0
Hardware-Breakpoints: 6
Software-Breakpoints: 8192
Watchpoints:          4
JTAG speed: 2000 kHz
 
No Algorithm found for: 00004000H - 00007067H
Erase skipped!
Error: Flash Download failed  -  "Cortex-M3"
Load "F:\\LW_files\\武大--激光足印探测器项目\\WuDaProject\\Project\\MDK-ARM(uV4)\\Flash\\Obj\\output.axf" 
Set JLink Project File to "F:\LW_files\武大--激光足印探测器项目\WuDaProject\Project\MDK-ARM(uV4)\JLinkSettings.ini"
* JLink Info: Device "STM32F103RE" selected (512 KB flash, 64 KB RAM).
 
JLink info:
------------
DLL: V4.80g, compiled Feb 13 2014 20:50:02
Firmware: J-Link ARM V8 compiled Nov 28 2014 13:44:46
Hardware: V8.00
S/N : 791950130 
Feature(s) : RDI,FlashDL,FlashBP,JFlash,GDBFull 
 
* JLink Info: Found SWD-DP with ID 0x1BA01477
* JLink Info: Found SWD-DP with ID 0x1BA01477
* JLink Info: Found Cortex-M3 r1p1, Little endian.
* JLink Info: FPUnit: 6 code (BP) slots and 2 literal slots
* JLink Info: TPIU fitted.
* JLink Info: ETM fitted.
ROMTableAddr = 0xE00FF003
 
Target info:
------------
Device: STM32F103RE
VTarget = 3.319V
State of Pins: 
TCK: 0, TDI: 0, TDO: 0, TMS: 1, TRES: 1, TRST: 0
Hardware-Breakpoints: 6
Software-Breakpoints: 8192
Watchpoints:          4
JTAG speed: 2000 kHz
 
No Algorithm found for: 00004000H - 00007067H
Erase skipped!
Error: Flash Download failed  -  "Cortex-M3"
