<html>
<body>
<pre>
<h1>礦ision Build Log</h1>
<h2>Project:</h2>
F:\LW_files\武大--激光足印探测器项目\WuDaProject\Project\MDK-ARM(uV4)\project.uvproj
Project File Date:  07/04/2018

<h2>Output:</h2>
Build target 'Flash'
compiling main.c...
compiling RTX_Conf_CM.c...
compiling bsp.c...
compiling stm32f10x_it.c...
compiling stm32f10x_assert.c...
compiling system_stm32f10x.c...
assembling startup_stm32f10x_hd.s...
compiling misc.c...
compiling stm32f10x_bkp.c...
compiling stm32f10x_exti.c...
compiling stm32f10x_gpio.c...
compiling stm32f10x_pwr.c...
compiling stm32f10x_rcc.c...
compiling stm32f10x_usart.c...
compiling stm32f10x_flash.c...
compiling stm32f10x_tim.c...
compiling stm32f10x_iwdg.c...
compiling stm32f10x_spi.c...
compiling stm32f10x_adc.c...
compiling rt_Event.c...
compiling rt_List.c...
compiling rt_Mailbox.c...
compiling rt_MemBox.c...
compiling rt_Mutex.c...
compiling rt_Robin.c...
compiling rt_Semaphore.c...
compiling rt_System.c...
compiling rt_Task.c...
compiling rt_Time.c...
compiling rt_Timer.c...
compiling HAL_CM3.c...
assembling SVC_Table.s...
compiling reader.c...
compiling bsp_eeprom_24xx.c...
compiling bsp_i2c_gpio.c...
compiling bsp_spi_bus.c...
compiling bsp_spi_flash.c...
compiling protocal.c...
compiling bsp_timer.c...
compiling uart.c...
compiling bsp_cpu_flash.c...
compiling bsp_dwt.c...
compiling bsp_iwdg.c...
compiling param.c...
compiling CRC8_16.c...
compiling adc.c...
linking...
Program Size: Code=11392 RO-data=380 RW-data=136 ZI-data=3472  
FromELF: creating hex file...
After Build - User command #1: CopyHex_Flash.bat
F:\LW_files\武大--激光足印探测器项目\WuDaProject\Project\MDK-ARM(uV4)>copy Flash\Obj\output.hex ..\output(mdk).hex 
已复制         1 个文件。
After Build - User command #2: fromelf.exe --bin -o ./Flash/Obj/output.bin  ./Flash/Obj/output.axf
".\Flash\Obj\output.axf" - 0 Error(s), 0 Warning(s).
</pre>
</body>
</html>
