<html>
<body>
<pre>
<h1>礦ision Build Log</h1>
<h2>Project:</h2>
F:\LW_files\武大--激光足印探测器项目\WuDaProject\Project\MDK-ARM(uV4)\project.uvproj
Project File Date:  04/21/2018

<h2>Output:</h2>
Build target 'Flash'
linking...
Program Size: Code=24620 RO-data=380 RW-data=172 ZI-data=10980  
FromELF: creating hex file...
After Build - User command #1: CopyHex_Flash.bat
F:\LW_files\武大--激光足印探测器项目\WuDaProject\Project\MDK-ARM(uV4)>copy Flash\Obj\output.hex ..\output(mdk).hex 
已复制         1 个文件。
After Build - User command #2: fromelf.exe --bin -o ./Flash/Obj/output.bin  ./Flash/Obj/output.axf
".\Flash\Obj\output.axf" - 0 Error(s), 0 Warning(s).
