<html>
<body>
<pre>
<h1>礦ision Build Log</h1>
<h2>Project:</h2>
F:\LW_files\武大--激光足印探测器项目\WuDaProject\Project\MDK-ARM(uV4)\project.uvproj
Project File Date:  05/23/2018

<h2>Output:</h2>
Build target 'Flash'
compiling protocal.c...
linking...
Program Size: Code=9936 RO-data=380 RW-data=156 ZI-data=6980  
FromELF: creating hex file...
After Build - User command #1: CopyHex_Flash.bat
F:\LW_files\武大--激光足印探测器项目\WuDaProject\Project\MDK-ARM(uV4)>copy Flash\Obj\output.hex ..\output(mdk).hex 
已复制         1 个文件。
".\Flash\Obj\output.axf" - 0 Error(s), 0 Warning(s).
</pre>
</body>
</html>
 errors
compiling bsp_timer.c...
compiling uart.c...
compiling bsp_cpu_flash.c...
compiling bsp_dwt.c...
compiling bsp_iwdg.c...
compiling param.c...
compiling CRC8_16.c...
compiling adc.c...
linking...
Program Size: Code=9936 RO-data=380 RW-data=156 ZI-data=6980  
FromELF: creating hex file...
After Build - User command #1: CopyHex_Flash.bat
F:\LW_files\武大--激光足印探测器项目\WuDaProject\Project\MDK-ARM(uV4)>copy Flash\Obj\output.hex ..\output(mdk).hex 
已复制         1 个文件。
".\Flash\Obj\output.axf" - 0 Error(s), 1 Warning(s).
hed: 1 information, 0 warning and 1 error messages.
".\Flash\Obj\output.axf" - 1 Error(s), 2 Warning(s).
Target not created
